.
./.config
./.config/clang-15
./.config/clang-15/aarch64-unknown-linux-gnu-clang++.cfg
./.config/clang-15/aarch64-unknown-linux-gnu-clang.cfg
./.config/clang-15/x86_64-unknown-linux-gnu-clang++.cfg
./.config/clang-15/x86_64-unknown-linux-gnu-clang.cfg
./.config/clang-16
./.config/clang-16/aarch64-unknown-linux-gnu-clang++.cfg
./.config/clang-16/aarch64-unknown-linux-gnu-clang.cfg
./.config/clang-16/x86_64-unknown-linux-gnu-clang++.cfg
./.config/clang-16/x86_64-unknown-linux-gnu-clang.cfg
./.config/clang-17
./.config/clang-17/aarch64-unknown-linux-gnu-clang++.cfg
./.config/clang-17/aarch64-unknown-linux-gnu-clang.cfg
./.config/clang-17/x86_64-unknown-linux-gnu-clang++.cfg
./.config/clang-17/x86_64-unknown-linux-gnu-clang.cfg
./.config/clang-18
./.config/clang-18/aarch64-unknown-linux-gnu-clang++.cfg
./.config/clang-18/aarch64-unknown-linux-gnu-clang.cfg
./.config/clang-18/x86_64-unknown-linux-gnu-clang++.cfg
./.config/clang-18/x86_64-unknown-linux-gnu-clang.cfg
./.config/clang-19
./.config/clang-19/aarch64-unknown-linux-gnu-clang++.cfg
./.config/clang-19/aarch64-unknown-linux-gnu-clang.cfg
./.config/clang-19/x86_64-unknown-linux-gnu-clang++.cfg
./.config/clang-19/x86_64-unknown-linux-gnu-clang.cfg
./.config/clang-20
./.config/clang-20/aarch64-unknown-linux-gnu-clang++.cfg
./.config/clang-20/aarch64-unknown-linux-gnu-clang.cfg
./.config/clang-20/x86_64-unknown-linux-gnu-clang++.cfg
./.config/clang-20/x86_64-unknown-linux-gnu-clang.cfg
./.config/clang-21
./.config/clang-21/aarch64-unknown-linux-gnu-clang++.cfg
./.config/clang-21/aarch64-unknown-linux-gnu-clang.cfg
./.config/clang-21/x86_64-unknown-linux-gnu-clang++.cfg
./.config/clang-21/x86_64-unknown-linux-gnu-clang.cfg
./.config/clang-22
./.config/clang-22/aarch64-unknown-linux-gnu-clang++.cfg
./.config/clang-22/aarch64-unknown-linux-gnu-clang.cfg
./.config/clang-22/x86_64-unknown-linux-gnu-clang++.cfg
./.config/clang-22/x86_64-unknown-linux-gnu-clang.cfg
./.config/clang-23
./.config/clang-23/aarch64-unknown-linux-gnu-clang++.cfg
./.config/clang-23/aarch64-unknown-linux-gnu-clang.cfg
./.config/clang-23/x86_64-unknown-linux-gnu-clang++.cfg
./.config/clang-23/x86_64-unknown-linux-gnu-clang.cfg
./.config/clang-24
./.config/clang-24/aarch64-unknown-linux-gnu-clang++.cfg
./.config/clang-24/aarch64-unknown-linux-gnu-clang.cfg
./.config/clang-24/x86_64-unknown-linux-gnu-clang++.cfg
./.config/clang-24/x86_64-unknown-linux-gnu-clang.cfg
./.config/clang-25
./.config/clang-25/aarch64-unknown-linux-gnu-clang++.cfg
./.config/clang-25/aarch64-unknown-linux-gnu-clang.cfg
./.config/clang-25/x86_64-unknown-linux-gnu-clang++.cfg
./.config/clang-25/x86_64-unknown-linux-gnu-clang.cfg
./.config/clang-26
./.config/clang-26/aarch64-unknown-linux-gnu-clang++.cfg
./.config/clang-26/aarch64-unknown-linux-gnu-clang.cfg
./.config/clang-26/x86_64-unknown-linux-gnu-clang++.cfg
./.config/clang-26/x86_64-unknown-linux-gnu-clang.cfg
./.config/clang-27
./.config/clang-27/aarch64-unknown-linux-gnu-clang++.cfg
./.config/clang-27/aarch64-unknown-linux-gnu-clang.cfg
./.config/clang-27/x86_64-unknown-linux-gnu-clang++.cfg
./.config/clang-27/x86_64-unknown-linux-gnu-clang.cfg
./.config/clang-28
./.config/clang-28/aarch64-unknown-linux-gnu-clang++.cfg
./.config/clang-28/aarch64-unknown-linux-gnu-clang.cfg
./.config/clang-28/x86_64-unknown-linux-gnu-clang++.cfg
./.config/clang-28/x86_64-unknown-linux-gnu-clang.cfg
./.config/clang-29
./.config/clang-29/aarch64-unknown-linux-gnu-clang++.cfg
./.config/clang-29/aarch64-unknown-linux-gnu-clang.cfg
./.config/clang-29/x86_64-unknown-linux-gnu-clang++.cfg
./.config/clang-29/x86_64-unknown-linux-gnu-clang.cfg
./.config/clang-30
./.config/clang-30/aarch64-unknown-linux-gnu-clang++.cfg
./.config/clang-30/aarch64-unknown-linux-gnu-clang.cfg
./.config/clang-30/x86_64-unknown-linux-gnu-clang++.cfg
./.config/clang-30/x86_64-unknown-linux-gnu-clang.cfg
./.config/clang-31
./.config/clang-31/aarch64-unknown-linux-gnu-clang++.cfg
./.config/clang-31/aarch64-unknown-linux-gnu-clang.cfg
./.config/clang-31/x86_64-unknown-linux-gnu-clang++.cfg
./.config/clang-31/x86_64-unknown-linux-gnu-clang.cfg
./.config/clang-32
./.config/clang-32/aarch64-unknown-linux-gnu-clang++.cfg
./.config/clang-32/aarch64-unknown-linux-gnu-clang.cfg
./.config/clang-32/x86_64-unknown-linux-gnu-clang++.cfg
./.config/clang-32/x86_64-unknown-linux-gnu-clang.cfg
./.config/clang-33
./.config/clang-33/aarch64-unknown-linux-gnu-clang++.cfg
./.config/clang-33/aarch64-unknown-linux-gnu-clang.cfg
./.config/clang-33/x86_64-unknown-linux-gnu-clang++.cfg
./.config/clang-33/x86_64-unknown-linux-gnu-clang.cfg
./.config/clang-34
./.config/clang-34/aarch64-unknown-linux-gnu-clang++.cfg
./.config/clang-34/aarch64-unknown-linux-gnu-clang.cfg
./.config/clang-34/x86_64-unknown-linux-gnu-clang++.cfg
./.config/clang-34/x86_64-unknown-linux-gnu-clang.cfg
./.config/clang-35
./.config/clang-35/aarch64-unknown-linux-gnu-clang++.cfg
./.config/clang-35/aarch64-unknown-linux-gnu-clang.cfg
./.config/clang-35/x86_64-unknown-linux-gnu-clang++.cfg
./.config/clang-35/x86_64-unknown-linux-gnu-clang.cfg
./.config/clang-36
./.config/clang-36/aarch64-unknown-linux-gnu-clang++.cfg
./.config/clang-36/aarch64-unknown-linux-gnu-clang.cfg
./.config/clang-36/x86_64-unknown-linux-gnu-clang++.cfg
./.config/clang-36/x86_64-unknown-linux-gnu-clang.cfg
./.config/clang-37
./.config/clang-37/aarch64-unknown-linux-gnu-clang++.cfg
./.config/clang-37/aarch64-unknown-linux-gnu-clang.cfg
./.config/clang-37/x86_64-unknown-linux-gnu-clang++.cfg
./.config/clang-37/x86_64-unknown-linux-gnu-clang.cfg
./.config/clang-38
./.config/clang-38/aarch64-unknown-linux-gnu-clang++.cfg
./.config/clang-38/aarch64-unknown-linux-gnu-clang.cfg
./.config/clang-38/x86_64-unknown-linux-gnu-clang++.cfg
./.config/clang-38/x86_64-unknown-linux-gnu-clang.cfg
./.config/clang-39
./.config/clang-39/aarch64-unknown-linux-gnu-clang++.cfg
./.config/clang-39/aarch64-unknown-linux-gnu-clang.cfg
./.config/clang-39/x86_64-unknown-linux-gnu-clang++.cfg
./.config/clang-39/x86_64-unknown-linux-gnu-clang.cfg
./.config/clang-40
./.config/clang-40/aarch64-unknown-linux-gnu-clang++.cfg
./.config/clang-40/aarch64-unknown-linux-gnu-clang.cfg
./.config/clang-40/x86_64-unknown-linux-gnu-clang++.cfg
./.config/clang-40/x86_64-unknown-linux-gnu-clang.cfg
./.config/clang-41
./.config/clang-41/aarch64-unknown-linux-gnu-clang++.cfg
./.config/clang-41/aarch64-unknown-linux-gnu-clang.cfg
./.config/clang-41/x86_64-unknown-linux-gnu-clang++.cfg
./.config/clang-41/x86_64-unknown-linux-gnu-clang.cfg
./.config/clang-42
./.config/clang-42/aarch64-unknown-linux-gnu-clang++.cfg
./.config/clang-42/aarch64-unknown-linux-gnu-clang.cfg
./.config/clang-42/x86_64-unknown-linux-gnu-clang++.cfg
./.config/clang-42/x86_64-unknown-linux-gnu-clang.cfg
./.melange.clang.cfg
./.melange.gcc.spec
./create-git-repo
./melange-created.lst
./melange-out
./melange-out/test-git-checkout
./py3-pandas-test.py
./runner-created.lst
