./.git
./.git/FETCH_HEAD
./.git/HEAD
./.git/config
./.git/description
./.git/hooks
./.git/hooks/applypatch-msg.sample
./.git/hooks/commit-msg.sample
./.git/hooks/fsmonitor-watchman.sample
./.git/hooks/post-update.sample
./.git/hooks/pre-applypatch.sample
./.git/hooks/pre-commit.sample
./.git/hooks/pre-merge-commit.sample
./.git/hooks/pre-push.sample
./.git/hooks/pre-rebase.sample
./.git/hooks/pre-receive.sample
./.git/hooks/prepare-commit-msg.sample
./.git/hooks/push-to-checkout.sample
./.git/hooks/sendemail-validate.sample
./.git/hooks/update.sample
./.git/index
./.git/info
./.git/info/exclude
./.git/logs
./.git/logs/HEAD
./.git/objects
./.git/objects/info
./.git/objects/pack
./.git/objects/pack/pack-6c028dc0c97fe09bfdf909d633ecc7b7e1bf8430.idx
./.git/objects/pack/pack-6c028dc0c97fe09bfdf909d633ecc7b7e1bf8430.pack
./.git/objects/pack/pack-6c028dc0c97fe09bfdf909d633ecc7b7e1bf8430.rev
./.git/packed-refs
./.git/refs
./.git/refs/heads
./.git/refs/origin
./.git/refs/origin/tags
./.git/refs/origin/tags/2.0
./.git/refs/tags
./.git/refs/tags/2.0-annotated
./.git/shallow
./README
./melange-out/test-git-checkout/README
